[probe] host=ide-7e33a68268b54c4b9512a8ca868790c2-e64a97 gpu=0 out=/home/dataset-assist-0/liyufeng/awesome_starvla_work/results/cross_head_f4 variants=oft_fp32=f4_oft_fp32 mh_fp32=f4_mh_fp32 oft_bf16=f0v3_oft_embedfrozen mh_bf16=f0v3_multihead
/home/dataset-assist-0/liyufeng/envs/starvla/lib/python3.11/site-packages/albumentations/check_version.py:49: UserWarning: Error fetching version info The read operation timed out
  data = fetch_version_info()
09/06 [19:51:32] WARNING  | >>  DataConfig for                    registry.py:70
                          robot_type='ur5_robochallenge' has no                 
                          `embodiment_tag` classvar; defaulting                 
                          to EmbodimentTag.NEW_EMBODIMENT.                      
                 WARNING  | >>  DataConfig for                    registry.py:70
                          robot_type='arx5_robochallenge' has no                
                          `embodiment_tag` classvar; defaulting                 
                          to EmbodimentTag.NEW_EMBODIMENT.                      
                 WARNING  | >>  DataConfig for                    registry.py:70
                          robot_type='dosw1_robochallenge' has no               
                          `embodiment_tag` classvar; defaulting                 
                          to EmbodimentTag.NEW_EMBODIMENT.                      
                 INFO     | >>  Using mixture             lerobot_datasets.py:92
                          'lab_probe_c0bdcf28':                                 
                          [('libero_goal_no_noops_1.0.0_l                       
                          erobot', 1.0, 'libero_franka'),                       
                          ('libero_spatial_no_noops_1.0.0                       
                          _lerobot', 1.0,                                       
                          'libero_franka')]                                     
Initialized dataset libero_goal_no_noops_1.0.0_lerobot with EmbodimentTag.FRANKA
Initialized dataset libero_spatial_no_noops_1.0.0_lerobot with EmbodimentTag.FRANKA
Dataset lengths: [52042 52970]
Merged dataset statistics saved to: /home/dataset-assist-0/liyufeng/awesome_starvla_work/results/cross_head_f4/_data/dataset_statistics.json
Used action keys (reordered): ['x', 'y', 'z', 'roll', 'pitch', 'yaw', 'gripper']
Used state keys (reordered): ['x', 'y', 'z', 'roll', 'pitch', 'yaw', 'pad', 'gripper']
[probe] 2048 samples, 20 instructions, suites {'goal': 1025, 'spatial': 1023}, actions (2048, 8, 7) (132s)
Loading checkpoint shards:   0%|          | 0/2 [00:00<?, ?it/s]Loading checkpoint shards: 100%|██████████| 2/2 [00:00<00:00,  9.21it/s]Loading checkpoint shards: 100%|██████████| 2/2 [00:00<00:00,  9.16it/s]
[probe] pretrained: features in 252s
[probe] oft_fp32: 714 backbone tensors loaded
[probe] oft_fp32: features in 235s
[probe] mh_fp32: 714 backbone tensors loaded
[probe] mh_fp32: features in 248s
[probe] oft_bf16: 714 backbone tensors loaded
[probe] oft_bf16: features in 244s
[probe] mh_bf16: 714 backbone tensors loaded
[probe] mh_bf16: features in 242s

action readability, held-out R^2 (all-token pool; within suite and cross-suite):
| variant | L17/all goal->goal | L17/all goal->spatial | L17/all spatial->goal | L17/all spatial->spatial | L26/all goal->goal | L26/all goal->spatial | L26/all spatial->goal | L26/all spatial->spatial | L30/all goal->goal | L30/all goal->spatial | L30/all spatial->goal | L30/all spatial->spatial | L33/all goal->goal | L33/all goal->spatial | L33/all spatial->goal | L33/all spatial->spatial | L34/all goal->goal | L34/all goal->spatial | L34/all spatial->goal | L34/all spatial->spatial | L35/all goal->goal | L35/all goal->spatial | L35/all spatial->goal | L35/all spatial->spatial |
|---|---:|---:|---:|---:|---:|---:|---:|---:|---:|---:|---:|---:|---:|---:|---:|---:|---:|---:|---:|---:|---:|---:|---:|---:|
| pretrained | 0.526 | -0.403 | -0.226 | 0.461 | 0.514 | -0.318 | -0.264 | 0.433 | 0.492 | -0.296 | -0.250 | 0.419 | 0.491 | -0.489 | -0.323 | 0.427 | 0.496 | -0.607 | -0.355 | 0.426 | 0.502 | -0.420 | -0.458 | 0.410 |
| oft_fp32 | 0.526 | -0.403 | -0.226 | 0.461 | 0.539 | -0.298 | -0.309 | 0.456 | 0.531 | -0.215 | -0.216 | 0.449 | 0.542 | -0.205 | -0.193 | 0.452 | 0.546 | -0.289 | -0.189 | 0.456 | 0.537 | -0.281 | -0.214 | 0.426 |
| mh_fp32 | 0.526 | -0.403 | -0.226 | 0.461 | 0.549 | -0.242 | -0.202 | 0.438 | 0.556 | -0.184 | -0.172 | 0.429 | 0.569 | -0.168 | -0.267 | 0.443 | 0.566 | -0.196 | -0.183 | 0.442 | 0.566 | -0.165 | -0.131 | 0.413 |
| oft_bf16 | 0.526 | -0.403 | -0.226 | 0.461 | 0.513 | -0.307 | -0.266 | 0.434 | 0.493 | -0.277 | -0.247 | 0.420 | 0.491 | -0.468 | -0.312 | 0.427 | 0.497 | -0.570 | -0.344 | 0.427 | 0.501 | -0.416 | -0.451 | 0.410 |
| mh_bf16 | 0.527 | -0.398 | -0.232 | 0.460 | 0.513 | -0.307 | -0.275 | 0.434 | 0.494 | -0.266 | -0.239 | 0.421 | 0.492 | -0.495 | -0.304 | 0.427 | 0.496 | -0.665 | -0.327 | 0.424 | 0.493 | -0.378 | -0.436 | 0.402 |

retention, held-out token-level R^2:
| variant | L34 ft->pre | L34 pre->ft | L35 ft->pre | L35 pre->ft |
|---|---:|---:|---:|---:|
| pretrained | 1.0000 | 1.0000 | 1.0000 | 1.0000 |
| oft_fp32 | 0.8900 | 0.8264 | 0.8697 | 0.8032 |
| mh_fp32 | 0.8189 | 0.6924 | 0.7938 | 0.6509 |
| oft_bf16 | 0.9987 | 0.9986 | 0.9981 | 0.9980 |
| mh_bf16 | 0.9870 | 0.9841 | 0.9762 | 0.9670 |

H1 query-position readability, held-out R^2 (mean over the K query positions):
| variant | L33 goal->goal | L33 goal->spatial | L33 spatial->goal | L33 spatial->spatial | L34 goal->goal | L34 goal->spatial | L34 spatial->goal | L34 spatial->spatial | L35 goal->goal | L35 goal->spatial | L35 spatial->goal | L35 spatial->spatial |
|---|---:|---:|---:|---:|---:|---:|---:|---:|---:|---:|---:|---:|
| pretrained | 0.463 | -1.335 | -0.759 | 0.355 | 0.460 | -1.542 | -0.765 | 0.365 | 0.462 | -1.507 | -0.719 | 0.368 |
| oft_fp32 | 0.562 | -0.122 | -0.654 | 0.424 | 0.561 | -0.100 | -0.512 | 0.432 | 0.562 | -0.078 | -0.535 | 0.430 |
| mh_fp32 | 0.573 | -0.035 | -0.391 | 0.420 | 0.580 | -0.033 | -0.324 | 0.418 | 0.581 | -0.031 | -0.313 | 0.420 |
| oft_bf16 | 0.508 | -1.901 | -1.094 | 0.375 | 0.497 | -2.216 | -1.109 | 0.394 | 0.509 | -2.514 | -0.920 | 0.389 |
| mh_bf16 | 0.499 | -1.386 | -0.902 | 0.382 | 0.494 | -1.059 | -0.749 | 0.396 | 0.503 | -1.260 | -0.661 | 0.392 |

[done] wrote /home/dataset-assist-0/liyufeng/awesome_starvla_work/results/cross_head_f4/cross_head_probe.json (1696s total)
[probe] finished
CHAIN_DONE
